-- Install configuration: "Release"
-- Installing: /mnt/data/lmg_dsp_install/lib/liblmg_dsp.a
-- Installing: /mnt/data/lmg_dsp_install/include
-- Installing: /mnt/data/lmg_dsp_install/include/lmg_dsp
-- Installing: /mnt/data/lmg_dsp_install/include/lmg_dsp/dsp.h
-- Installing: /mnt/data/lmg_dsp_install/include/lmg_dsp/c_api.h
-- Installing: /mnt/data/lmg_dsp_install/include/lmg_dsp/export.h
-- Installing: /mnt/data/lmg_dsp_install/lib/cmake/LmgDsp/LmgDspTargets.cmake
-- Installing: /mnt/data/lmg_dsp_install/lib/cmake/LmgDsp/LmgDspTargets-release.cmake
-- Installing: /mnt/data/lmg_dsp_install/lib/cmake/LmgDsp/LmgDspConfig.cmake
-- Installing: /mnt/data/lmg_dsp_install/lib/cmake/LmgDsp/LmgDspConfigVersion.cmake
-- The C compiler identification is GNU 14.2.0
-- The CXX compiler identification is GNU 14.2.0
-- Detecting C compiler ABI info
-- Detecting C compiler ABI info - done
-- Check for working C compiler: /usr/bin/cc - skipped
-- Detecting C compile features
-- Detecting C compile features - done
-- Detecting CXX compiler ABI info
-- Detecting CXX compiler ABI info - done
-- Check for working CXX compiler: /usr/bin/c++ - skipped
-- Detecting CXX compile features
-- Detecting CXX compile features - done
-- Configuring done (0.4s)
-- Generating done (0.0s)
-- Build files have been written to: /mnt/data/lmg_dsp_consumer/build
[ 50%] Building C object CMakeFiles/consumer.dir/main.c.o
[100%] Linking CXX executable consumer
[100%] Built target consumer
PASS C99 API lifecycle, ABI validation, PCM and drain
